Archive member included to satisfy reference by file (symbol)

c:/st/stm32cubeide_1.7.0/stm32cubeide/plugins/com.st.stm32cube.ide.mcu.externaltools.gnu-tools-for-stm32.9-2020-q2-update.win32_2.0.0.202105311346/tools/bin/../lib/gcc/arm-none-eabi/9.3.1/../../../../arm-none-eabi/lib/thumb/v7-m/nofp\libc_nano.a(lib_a-errno.o)
                              ./Core/Src/syscalls.o (__errno)
c:/st/stm32cubeide_1.7.0/stm32cubeide/plugins/com.st.stm32cube.ide.mcu.externaltools.gnu-tools-for-stm32.9-2020-q2-update.win32_2.0.0.202105311346/tools/bin/../lib/gcc/arm-none-eabi/9.3.1/../../../../arm-none-eabi/lib/thumb/v7-m/nofp\libc_nano.a(lib_a-exit.o)
                              c:/st/stm32cubeide_1.7.0/stm32cubeide/plugins/com.st.stm32cube.ide.mcu.externaltools.gnu-tools-for-stm32.9-2020-q2-update.win32_2.0.0.202105311346/tools/bin/../lib/gcc/arm-none-eabi/9.3.1/../../../../arm-none-eabi/lib/thumb/v7-m/nofp/crt0.o (exit)
c:/st/stm32cubeide_1.7.0/stm32cubeide/plugins/com.st.stm32cube.ide.mcu.externaltools.gnu-tools-for-stm32.9-2020-q2-update.win32_2.0.0.202105311346/tools/bin/../lib/gcc/arm-none-eabi/9.3.1/../../../../arm-none-eabi/lib/thumb/v7-m/nofp\libc_nano.a(lib_a-impure.o)
                              c:/st/stm32cubeide_1.7.0/stm32cubeide/plugins/com.st.stm32cube.ide.mcu.externaltools.gnu-tools-for-stm32.9-2020-q2-update.win32_2.0.0.202105311346/tools/bin/../lib/gcc/arm-none-eabi/9.3.1/../../../../arm-none-eabi/lib/thumb/v7-m/nofp\libc_nano.a(lib_a-exit.o) (_global_impure_ptr)
c:/st/stm32cubeide_1.7.0/stm32cubeide/plugins/com.st.stm32cube.ide.mcu.externaltools.gnu-tools-for-stm32.9-2020-q2-update.win32_2.0.0.202105311346/tools/bin/../lib/gcc/arm-none-eabi/9.3.1/../../../../arm-none-eabi/lib/thumb/v7-m/nofp\libc_nano.a(lib_a-init.o)
                              c:/st/stm32cubeide_1.7.0/stm32cubeide/plugins/com.st.stm32cube.ide.mcu.externaltools.gnu-tools-for-stm32.9-2020-q2-update.win32_2.0.0.202105311346/tools/bin/../lib/gcc/arm-none-eabi/9.3.1/../../../../arm-none-eabi/lib/thumb/v7-m/nofp/crt0.o (__libc_init_array)
c:/st/stm32cubeide_1.7.0/stm32cubeide/plugins/com.st.stm32cube.ide.mcu.externaltools.gnu-tools-for-stm32.9-2020-q2-update.win32_2.0.0.202105311346/tools/bin/../lib/gcc/arm-none-eabi/9.3.1/../../../../arm-none-eabi/lib/thumb/v7-m/nofp\libc_nano.a(lib_a-memset.o)
                              c:/st/stm32cubeide_1.7.0/stm32cubeide/plugins/com.st.stm32cube.ide.mcu.externaltools.gnu-tools-for-stm32.9-2020-q2-update.win32_2.0.0.202105311346/tools/bin/../lib/gcc/arm-none-eabi/9.3.1/../../../../arm-none-eabi/lib/thumb/v7-m/nofp/crt0.o (memset)

Allocating common symbols
Common symbol       size              file

uwTick              0x4               ./Drivers/STM32F1xx_HAL_Driver/Src/stm32f1xx_hal.o
pFlash              0x20              ./Drivers/STM32F1xx_HAL_Driver/Src/stm32f1xx_hal_flash.o
htim2               0x48              ./Core/Src/main.o

Discarded input sections

 .text          0x0000000000000000        0x0 c:/st/stm32cubeide_1.7.0/stm32cubeide/plugins/com.st.stm32cube.ide.mcu.externaltools.gnu-tools-for-stm32.9-2020-q2-update.win32_2.0.0.202105311346/tools/bin/../lib/gcc/arm-none-eabi/9.3.1/thumb/v7-m/nofp/crti.o
 .data          0x0000000000000000        0x0 c:/st/stm32cubeide_1.7.0/stm32cubeide/plugins/com.st.stm32cube.ide.mcu.externaltools.gnu-tools-for-stm32.9-2020-q2-update.win32_2.0.0.202105311346/tools/bin/../lib/gcc/arm-none-eabi/9.3.1/thumb/v7-m/nofp/crti.o
 .bss           0x0000000000000000        0x0 c:/st/stm32cubeide_1.7.0/stm32cubeide/plugins/com.st.stm32cube.ide.mcu.externaltools.gnu-tools-for-stm32.9-2020-q2-update.win32_2.0.0.202105311346/tools/bin/../lib/gcc/arm-none-eabi/9.3.1/thumb/v7-m/nofp/crti.o
 .data          0x0000000000000000        0x4 c:/st/stm32cubeide_1.7.0/stm32cubeide/plugins/com.st.stm32cube.ide.mcu.externaltools.gnu-tools-for-stm32.9-2020-q2-update.win32_2.0.0.202105311346/tools/bin/../lib/gcc/arm-none-eabi/9.3.1/thumb/v7-m/nofp/crtbegin.o
 .text          0x0000000000000000       0x7c c:/st/stm32cubeide_1.7.0/stm32cubeide/plugins/com.st.stm32cube.ide.mcu.externaltools.gnu-tools-for-stm32.9-2020-q2-update.win32_2.0.0.202105311346/tools/bin/../lib/gcc/arm-none-eabi/9.3.1/../../../../arm-none-eabi/lib/thumb/v7-m/nofp/crt0.o
 .data          0x0000000000000000        0x0 c:/st/stm32cubeide_1.7.0/stm32cubeide/plugins/com.st.stm32cube.ide.mcu.externaltools.gnu-tools-for-stm32.9-2020-q2-update.win32_2.0.0.202105311346/tools/bin/../lib/gcc/arm-none-eabi/9.3.1/../../../../arm-none-eabi/lib/thumb/v7-m/nofp/crt0.o
 .bss           0x0000000000000000        0x0 c:/st/stm32cubeide_1.7.0/stm32cubeide/plugins/com.st.stm32cube.ide.mcu.externaltools.gnu-tools-for-stm32.9-2020-q2-update.win32_2.0.0.202105311346/tools/bin/../lib/gcc/arm-none-eabi/9.3.1/../../../../arm-none-eabi/lib/thumb/v7-m/nofp/crt0.o
[...]
Memory Configuration

Name             Origin             Length             Attributes
RAM              0x0000000020000000 0x0000000000002800 xrw
FLASH            0x0000000008000000 0x0000000000008000 xr
*default*        0x0000000000000000 0xffffffffffffffff

Linker script and memory map

LOAD c:/st/stm32cubeide_1.7.0/stm32cubeide/plugins/com.st.stm32cube.ide.mcu.externaltools.gnu-tools-for-stm32.9-2020-q2-update.win32_2.0.0.202105311346/tools/bin/../lib/gcc/arm-none-eabi/9.3.1/thumb/v7-m/nofp/crti.o
LOAD c:/st/stm32cubeide_1.7.0/stm32cubeide/plugins/com.st.stm32cube.ide.mcu.externaltools.gnu-tools-for-stm32.9-2020-q2-update.win32_2.0.0.202105311346/tools/bin/../lib/gcc/arm-none-eabi/9.3.1/thumb/v7-m/nofp/crtbegin.o
LOAD c:/st/stm32cubeide_1.7.0/stm32cubeide/plugins/com.st.stm32cube.ide.mcu.externaltools.gnu-tools-for-stm32.9-2020-q2-update.win32_2.0.0.202105311346/tools/bin/../lib/gcc/arm-none-eabi/9.3.1/../../../../arm-none-eabi/lib/thumb/v7-m/nofp/crt0.o
LOAD ./Core/Src/button.o
LOAD ./Core/Src/fms.o
LOAD ./Core/Src/fms_manual.o
LOAD ./Core/Src/global.o
LOAD ./Core/Src/led7seg.o
LOAD ./Core/Src/led_blinky.o
LOAD ./Core/Src/main.o
LOAD ./Core/Src/stm32f1xx_hal_msp.o
LOAD ./Core/Src/stm32f1xx_it.o
LOAD ./Core/Src/syscalls.o
LOAD ./Core/Src/sysmem.o
LOAD ./Core/Src/system_stm32f1xx.o
LOAD ./Core/Src/timer.o
LOAD ./Core/Src/traficlight.o
LOAD ./Core/Startup/startup_stm32f103c6ux.o
LOAD ./Drivers/STM32F1xx_HAL_Driver/Src/stm32f1xx_hal.o
LOAD ./Drivers/STM32F1xx_HAL_Driver/Src/stm32f1xx_hal_cortex.o
LOAD ./Drivers/STM32F1xx_HAL_Driver/Src/stm32f1xx_hal_dma.o
LOAD ./Drivers/STM32F1xx_HAL_Driver/Src/stm32f1xx_hal_exti.o
LOAD ./Drivers/STM32F1xx_HAL_Driver/Src/stm32f1xx_hal_flash.o
LOAD ./Drivers/STM32F1xx_HAL_Driver/Src/stm32f1xx_hal_flash_ex.o
LOAD ./Drivers/STM32F1xx_HAL_Driver/Src/stm32f1xx_hal_gpio.o
LOAD ./Drivers/STM32F1xx_HAL_Driver/Src/stm32f1xx_hal_gpio_ex.o
LOAD ./Drivers/STM32F1xx_HAL_Driver/Src/stm32f1xx_hal_pwr.o
LOAD ./Drivers/STM32F1xx_HAL_Driver/Src/stm32f1xx_hal_rcc.o
LOAD ./Drivers/STM32F1xx_HAL_Driver/Src/stm32f1xx_hal_rcc_ex.o
LOAD ./Drivers/STM32F1xx_HAL_Driver/Src/stm32f1xx_hal_tim.o
LOAD ./Drivers/STM32F1xx_HAL_Driver/Src/stm32f1xx_hal_tim_ex.o
START GROUP
LOAD c:/st/stm32cubeide_1.7.0/stm32cubeide/plugins/com.st.stm32cube.ide.mcu.externaltools.gnu-tools-for-stm32.9-2020-q2-update.win32_2.0.0.202105311346/tools/bin/../lib/gcc/arm-none-eabi/9.3.1/../../../../arm-none-eabi/lib/thumb/v7-m/nofp\libc_nano.a
LOAD c:/st/stm32cubeide_1.7.0/stm32cubeide/plugins/com.st.stm32cube.ide.mcu.externaltools.gnu-tools-for-stm32.9-2020-q2-update.win32_2.0.0.202105311346/tools/bin/../lib/gcc/arm-none-eabi/9.3.1/../../../../arm-none-eabi/lib/thumb/v7-m/nofp\libm.a
END GROUP
START GROUP
LOAD c:/st/stm32cubeide_1.7.0/stm32cubeide/plugins/com.st.stm32cube.ide.mcu.externaltools.gnu-tools-for-stm32.9-2020-q2-update.win32_2.0.0.202105311346/tools/bin/../lib/gcc/arm-none-eabi/9.3.1/thumb/v7-m/nofp\libgcc.a
LOAD c:/st/stm32cubeide_1.7.0/stm32cubeide/plugins/com.st.stm32cube.ide.mcu.externaltools.gnu-tools-for-stm32.9-2020-q2-update.win32_2.0.0.202105311346/tools/bin/../lib/gcc/arm-none-eabi/9.3.1/../../../../arm-none-eabi/lib/thumb/v7-m/nofp\libc_nano.a
END GROUP
START GROUP
LOAD c:/st/stm32cubeide_1.7.0/stm32cubeide/plugins/com.st.stm32cube.ide.mcu.externaltools.gnu-tools-for-stm32.9-2020-q2-update.win32_2.0.0.202105311346/tools/bin/../lib/gcc/arm-none-eabi/9.3.1/thumb/v7-m/nofp\libgcc.a
LOAD c:/st/stm32cubeide_1.7.0/stm32cubeide/plugins/com.st.stm32cube.ide.mcu.externaltools.gnu-tools-for-stm32.9-2020-q2-update.win32_2.0.0.202105311346/tools/bin/../lib/gcc/arm-none-eabi/9.3.1/../../../../arm-none-eabi/lib/thumb/v7-m/nofp\libc_nano.a
LOAD c:/st/stm32cubeide_1.7.0/stm32cubeide/plugins/com.st.stm32cube.ide.mcu.externaltools.gnu-tools-for-stm32.9-2020-q2-update.win32_2.0.0.202105311346/tools/bin/../lib/gcc/arm-none-eabi/9.3.1/../../../../arm-none-eabi/lib/thumb/v7-m/nofp\libnosys.a
END GROUP
START GROUP
LOAD c:/st/stm32cubeide_1.7.0/stm32cubeide/plugins/com.st.stm32cube.ide.mcu.externaltools.gnu-tools-for-stm32.9-2020-q2-update.win32_2.0.0.202105311346/tools/bin/../lib/gcc/arm-none-eabi/9.3.1/thumb/v7-m/nofp\libgcc.a
LOAD c:/st/stm32cubeide_1.7.0/stm32cubeide/plugins/com.st.stm32cube.ide.mcu.externaltools.gnu-tools-for-stm32.9-2020-q2-update.win32_2.0.0.202105311346/tools/bin/../lib/gcc/arm-none-eabi/9.3.1/../../../../arm-none-eabi/lib/thumb/v7-m/nofp\libc_nano.a
LOAD c:/st/stm32cubeide_1.7.0/stm32cubeide/plugins/com.st.stm32cube.ide.mcu.externaltools.gnu-tools-for-stm32.9-2020-q2-update.win32_2.0.0.202105311346/tools/bin/../lib/gcc/arm-none-eabi/9.3.1/../../../../arm-none-eabi/lib/thumb/v7-m/nofp\libnosys.a
END GROUP
LOAD c:/st/stm32cubeide_1.7.0/stm32cubeide/plugins/com.st.stm32cube.ide.mcu.externaltools.gnu-tools-for-stm32.9-2020-q2-update.win32_2.0.0.202105311346/tools/bin/../lib/gcc/arm-none-eabi/9.3.1/thumb/v7-m/nofp/crtend.o
LOAD c:/st/stm32cubeide_1.7.0/stm32cubeide/plugins/com.st.stm32cube.ide.mcu.externaltools.gnu-tools-for-stm32.9-2020-q2-update.win32_2.0.0.202105311346/tools/bin/../lib/gcc/arm-none-eabi/9.3.1/thumb/v7-m/nofp/crtn.o
                0x0000000020002800                _estack = (ORIGIN (RAM) + LENGTH (RAM))
                0x0000000000000200                _Min_Heap_Size = 0x200
                0x0000000000000400                _Min_Stack_Size = 0x400

.isr_vector     0x0000000008000000      0x10c
                0x0000000008000000                . = ALIGN (0x4)
 *(.isr_vector)
 .isr_vector    0x0000000008000000      0x10c ./Core/Startup/startup_stm32f103c6ux.o
                0x0000000008000000                g_pfnVectors
                0x000000000800010c                . = ALIGN (0x4)

.text           0x000000000800010c     0x24d0
                0x000000000800010c                . = ALIGN (0x4)
 *(.text)
 .text          0x000000000800010c       0x40 c:/st/stm32cubeide_1.7.0/stm32cubeide/plugins/com.st.stm32cube.ide.mcu.externaltools.gnu-tools-for-stm32.9-2020-q2-update.win32_2.0.0.202105311346/tools/bin/../lib/gcc/arm-none-eabi/9.3.1/thumb/v7-m/nofp/crtbegin.o
 *(.text*)
 .text.isButton1Pressed
                0x000000000800014c       0x24 ./Core/Src/button.o
                0x000000000800014c                isButton1Pressed
 .text.subKeyProcess
                0x0000000008000170       0x2c ./Core/Src/button.o
                0x0000000008000170                subKeyProcess
 .text.getKeyInput
                0x000000000800019c      0x1c8 ./Core/Src/button.o
                0x000000000800019c                getKeyInput
 .text.fms_automatic_run
                0x0000000008000364      0x158 ./Core/Src/fms.o
                0x0000000008000364                fms_automatic_run
 .text.fms_manual_run
                0x00000000080004bc       0xe4 ./Core/Src/fms_manual.o
                0x00000000080004bc                fms_manual_run
 .text.LED7SEG  0x00000000080005a0      0x31c ./Core/Src/led7seg.o
                0x00000000080005a0                LED7SEG
 .text.led_blinky
                0x00000000080008bc      0x114 ./Core/Src/led_blinky.o
                0x00000000080008bc                led_blinky
 .text.main     0x00000000080009d0       0x38 ./Core/Src/main.o
                0x00000000080009d0                main
 .text.SystemClock_Config
                0x0000000008000a08       0x76 ./Core/Src/main.o
                0x0000000008000a08                SystemClock_Config
 *fill*         0x0000000008000a7e        0x2 
 .text.MX_TIM2_Init
                0x0000000008000a80       0x98 ./Core/Src/main.o
 .text.MX_GPIO_Init
                0x0000000008000b18       0xc0 ./Core/Src/main.o
 .text.HAL_TIM_PeriodElapsedCallback
                0x0000000008000bd8       0x18 ./Core/Src/main.o
                0x0000000008000bd8                HAL_TIM_PeriodElapsedCallback
 .text.Error_Handler
                0x0000000008000bf0        0xa ./Core/Src/main.o
                0x0000000008000bf0                Error_Handler
 *fill*         0x0000000008000bfa        0x2 
 .text.HAL_MspInit
                0x0000000008000bfc       0x64 ./Core/Src/stm32f1xx_hal_msp.o
                0x0000000008000bfc                HAL_MspInit
 .text.HAL_TIM_Base_MspInit
                0x0000000008000c60       0x48 ./Core/Src/stm32f1xx_hal_msp.o
                0x0000000008000c60                HAL_TIM_Base_MspInit
 .text.NMI_Handler
                0x0000000008000ca8        0x6 ./Core/Src/stm32f1xx_it.o
                0x0000000008000ca8                NMI_Handler
 .text.HardFault_Handler
                0x0000000008000cae        0x6 ./Core/Src/stm32f1xx_it.o
                0x0000000008000cae                HardFault_Handler
 .text.MemManage_Handler
                0x0000000008000cb4        0x6 ./Core/Src/stm32f1xx_it.o
                0x0000000008000cb4                MemManage_Handler
 .text.BusFault_Handler
                0x0000000008000cba        0x6 ./Core/Src/stm32f1xx_it.o
                0x0000000008000cba                BusFault_Handler
 .text.UsageFault_Handler
                0x0000000008000cc0        0x6 ./Core/Src/stm32f1xx_it.o
                0x0000000008000cc0                UsageFault_Handler
 .text.SVC_Handler
                0x0000000008000cc6        0xc ./Core/Src/stm32f1xx_it.o
                0x0000000008000cc6                SVC_Handler
 .text.DebugMon_Handler
                0x0000000008000cd2        0xc ./Core/Src/stm32f1xx_it.o
                0x0000000008000cd2                DebugMon_Handler
 .text.PendSV_Handler
                0x0000000008000cde        0xc ./Core/Src/stm32f1xx_it.o
                0x0000000008000cde                PendSV_Handler
 .text.SysTick_Handler
                0x0000000008000cea        0xc ./Core/Src/stm32f1xx_it.o
                0x0000000008000cea                SysTick_Handler
 *fill*         0x0000000008000cf6        0x2 
 .text.TIM2_IRQHandler
                0x0000000008000cf8       0x14 ./Core/Src/stm32f1xx_it.o
                0x0000000008000cf8                TIM2_IRQHandler
 .text.SystemInit
                0x0000000008000d0c        0xc ./Core/Src/system_stm32f1xx.o
                0x0000000008000d0c                SystemInit
 .text.setTimer2
                0x0000000008000d18       0x28 ./Core/Src/timer.o
                0x0000000008000d18                setTimer2
 .text.setTimer1
                0x0000000008000d40       0x28 ./Core/Src/timer.o
                0x0000000008000d40                setTimer1
 .text.timerRun
                0x0000000008000d68       0x5c ./Core/Src/timer.o
                0x0000000008000d68                timerRun
 .text.traffic_light
                0x0000000008000dc4      0x170 ./Core/Src/traficlight.o
                0x0000000008000dc4                traffic_light
 .text.Reset_Handler
                0x0000000008000f34       0x48 ./Core/Startup/startup_stm32f103c6ux.o
                0x0000000008000f34                Reset_Handler
 .text.Default_Handler
                0x0000000008000f7c        0x2 ./Core/Startup/startup_stm32f103c6ux.o
                0x0000000008000f7c                RTC_Alarm_IRQHandler
                0x0000000008000f7c                EXTI2_IRQHandler
                0x0000000008000f7c                TIM1_CC_IRQHandler
                0x0000000008000f7c                PVD_IRQHandler
                0x0000000008000f7c                EXTI3_IRQHandler
                0x0000000008000f7c                EXTI0_IRQHandler
                0x0000000008000f7c                ADC1_2_IRQHandler
                0x0000000008000f7c                SPI1_IRQHandler
                0x0000000008000f7c                TAMPER_IRQHandler
                0x0000000008000f7c                DMA1_Channel4_IRQHandler
                0x0000000008000f7c                RTC_IRQHandler
                0x0000000008000f7c                DMA1_Channel7_IRQHandler
                0x0000000008000f7c                CAN1_RX1_IRQHandler
                0x0000000008000f7c                I2C1_EV_IRQHandler
                0x0000000008000f7c                DMA1_Channel6_IRQHandler
                0x0000000008000f7c                TIM3_IRQHandler
                0x0000000008000f7c                RCC_IRQHandler
                0x0000000008000f7c                TIM1_TRG_COM_IRQHandler
                0x0000000008000f7c                DMA1_Channel1_IRQHandler
                0x0000000008000f7c                Default_Handler
                0x0000000008000f7c                EXTI15_10_IRQHandler
                0x0000000008000f7c                EXTI9_5_IRQHandler
                0x0000000008000f7c                DMA1_Channel5_IRQHandler
                0x0000000008000f7c                EXTI4_IRQHandler
                0x0000000008000f7c                USB_LP_CAN1_RX0_IRQHandler
                0x0000000008000f7c                USB_HP_CAN1_TX_IRQHandler
                0x0000000008000f7c                DMA1_Channel3_IRQHandler
                0x0000000008000f7c                TIM1_UP_IRQHandler
                0x0000000008000f7c                WWDG_IRQHandler
                0x0000000008000f7c                TIM1_BRK_IRQHandler
                0x0000000008000f7c                EXTI1_IRQHandler
                0x0000000008000f7c                USART2_IRQHandler
                0x0000000008000f7c                DMA1_Channel2_IRQHandler
                0x0000000008000f7c                CAN1_SCE_IRQHandler
                0x0000000008000f7c                FLASH_IRQHandler
                0x0000000008000f7c                USART1_IRQHandler
                0x0000000008000f7c                I2C1_ER_IRQHandler
                0x0000000008000f7c                USBWakeUp_IRQHandler
 *fill*         0x0000000008000f7e        0x2 
 .text.HAL_Init
                0x0000000008000f80       0x2c ./Drivers/STM32F1xx_HAL_Driver/Src/stm32f1xx_hal.o
                0x0000000008000f80                HAL_Init
 .text.HAL_InitTick
                0x0000000008000fac       0x60 ./Drivers/STM32F1xx_HAL_Driver/Src/stm32f1xx_hal.o
                0x0000000008000fac                HAL_InitTick
 .text.HAL_IncTick
                0x000000000800100c       0x24 ./Drivers/STM32F1xx_HAL_Driver/Src/stm32f1xx_hal.o
                0x000000000800100c                HAL_IncTick
 .text.HAL_GetTick
                0x0000000008001030       0x14 ./Drivers/STM32F1xx_HAL_Driver/Src/stm32f1xx_hal.o
                0x0000000008001030                HAL_GetTick
 .text.__NVIC_SetPriorityGrouping
                0x0000000008001044       0x48 ./Drivers/STM32F1xx_HAL_Driver/Src/stm32f1xx_hal_cortex.o
 .text.__NVIC_GetPriorityGrouping
                0x000000000800108c       0x1c ./Drivers/STM32F1xx_HAL_Driver/Src/stm32f1xx_hal_cortex.o
 .text.__NVIC_EnableIRQ
                0x00000000080010a8       0x38 ./Drivers/STM32F1xx_HAL_Driver/Src/stm32f1xx_hal_cortex.o
 .text.__NVIC_SetPriority
                0x00000000080010e0       0x54 ./Drivers/STM32F1xx_HAL_Driver/Src/stm32f1xx_hal_cortex.o
 .text.NVIC_EncodePriority
                0x0000000008001134       0x64 ./Drivers/STM32F1xx_HAL_Driver/Src/stm32f1xx_hal_cortex.o
 .text.SysTick_Config
                0x0000000008001198       0x44 ./Drivers/STM32F1xx_HAL_Driver/Src/stm32f1xx_hal_cortex.o
 .text.HAL_NVIC_SetPriorityGrouping
                0x00000000080011dc       0x16 ./Drivers/STM32F1xx_HAL_Driver/Src/stm32f1xx_hal_cortex.o
                0x00000000080011dc                HAL_NVIC_SetPriorityGrouping
 .text.HAL_NVIC_SetPriority
                0x00000000080011f2       0x38 ./Drivers/STM32F1xx_HAL_Driver/Src/stm32f1xx_hal_cortex.o
                0x00000000080011f2                HAL_NVIC_SetPriority
 .text.HAL_NVIC_EnableIRQ
                0x000000000800122a       0x1c ./Drivers/STM32F1xx_HAL_Driver/Src/stm32f1xx_hal_cortex.o
                0x000000000800122a                HAL_NVIC_EnableIRQ
 .text.HAL_SYSTICK_Config
                0x0000000008001246       0x18 ./Drivers/STM32F1xx_HAL_Driver/Src/stm32f1xx_hal_cortex.o
                0x0000000008001246                HAL_SYSTICK_Config
 *fill*         0x000000000800125e        0x2 
 .text.HAL_GPIO_Init
                0x0000000008001260      0x2f4 ./Drivers/STM32F1xx_HAL_Driver/Src/stm32f1xx_hal_gpio.o
                0x0000000008001260                HAL_GPIO_Init
 .text.HAL_GPIO_ReadPin
                0x0000000008001554       0x2e ./Drivers/STM32F1xx_HAL_Driver/Src/stm32f1xx_hal_gpio.o
                0x0000000008001554                HAL_GPIO_ReadPin
 .text.HAL_GPIO_WritePin
                0x0000000008001582       0x30 ./Drivers/STM32F1xx_HAL_Driver/Src/stm32f1xx_hal_gpio.o
                0x0000000008001582                HAL_GPIO_WritePin
 .text.HAL_GPIO_TogglePin
                0x00000000080015b2       0x32 ./Drivers/STM32F1xx_HAL_Driver/Src/stm32f1xx_hal_gpio.o
                0x00000000080015b2                HAL_GPIO_TogglePin
 .text.HAL_RCC_OscConfig
                0x00000000080015e4      0x500 ./Drivers/STM32F1xx_HAL_Driver/Src/stm32f1xx_hal_rcc.o
                0x00000000080015e4                HAL_RCC_OscConfig
 .text.HAL_RCC_ClockConfig
                0x0000000008001ae4      0x1d4 ./Drivers/STM32F1xx_HAL_Driver/Src/stm32f1xx_hal_rcc.o
                0x0000000008001ae4                HAL_RCC_ClockConfig
 .text.HAL_RCC_GetSysClockFreq
                0x0000000008001cb8       0xa8 ./Drivers/STM32F1xx_HAL_Driver/Src/stm32f1xx_hal_rcc.o
                0x0000000008001cb8                HAL_RCC_GetSysClockFreq
 .text.RCC_Delay
                0x0000000008001d60       0x3c ./Drivers/STM32F1xx_HAL_Driver/Src/stm32f1xx_hal_rcc.o
 .text.HAL_TIM_Base_Init
                0x0000000008001d9c       0x9e ./Drivers/STM32F1xx_HAL_Driver/Src/stm32f1xx_hal_tim.o
                0x0000000008001d9c                HAL_TIM_Base_Init
 *fill*         0x0000000008001e3a        0x2 
 .text.HAL_TIM_Base_Start_IT
                0x0000000008001e3c       0x98 ./Drivers/STM32F1xx_HAL_Driver/Src/stm32f1xx_hal_tim.o
                0x0000000008001e3c                HAL_TIM_Base_Start_IT
 .text.HAL_TIM_IRQHandler
                0x0000000008001ed4      0x210 ./Drivers/STM32F1xx_HAL_Driver/Src/stm32f1xx_hal_tim.o
                0x0000000008001ed4                HAL_TIM_IRQHandler
 .text.HAL_TIM_ConfigClockSource
                0x00000000080020e4      0x18e ./Drivers/STM32F1xx_HAL_Driver/Src/stm32f1xx_hal_tim.o
                0x00000000080020e4                HAL_TIM_ConfigClockSource
 .text.HAL_TIM_OC_DelayElapsedCallback
                0x0000000008002272       0x12 ./Drivers/STM32F1xx_HAL_Driver/Src/stm32f1xx_hal_tim.o
                0x0000000008002272                HAL_TIM_OC_DelayElapsedCallback
 .text.HAL_TIM_IC_CaptureCallback
                0x0000000008002284       0x12 ./Drivers/STM32F1xx_HAL_Driver/Src/stm32f1xx_hal_tim.o
                0x0000000008002284                HAL_TIM_IC_CaptureCallback
 .text.HAL_TIM_PWM_PulseFinishedCallback
                0x0000000008002296       0x12 ./Drivers/STM32F1xx_HAL_Driver/Src/stm32f1xx_hal_tim.o
                0x0000000008002296                HAL_TIM_PWM_PulseFinishedCallback
 .text.HAL_TIM_TriggerCallback
                0x00000000080022a8       0x12 ./Drivers/STM32F1xx_HAL_Driver/Src/stm32f1xx_hal_tim.o
                0x00000000080022a8                HAL_TIM_TriggerCallback
 *fill*         0x00000000080022ba        0x2 
 .text.TIM_Base_SetConfig
                0x00000000080022bc       0xb0 ./Drivers/STM32F1xx_HAL_Driver/Src/stm32f1xx_hal_tim.o
                0x00000000080022bc                TIM_Base_SetConfig
 .text.TIM_TI1_ConfigInputStage
                0x000000000800236c       0x5c ./Drivers/STM32F1xx_HAL_Driver/Src/stm32f1xx_hal_tim.o
 .text.TIM_TI2_ConfigInputStage
                0x00000000080023c8       0x5e ./Drivers/STM32F1xx_HAL_Driver/Src/stm32f1xx_hal_tim.o
 .text.TIM_ITRx_SetConfig
                0x0000000008002426       0x34 ./Drivers/STM32F1xx_HAL_Driver/Src/stm32f1xx_hal_tim.o
 .text.TIM_ETR_SetConfig
                0x000000000800245a       0x3e ./Drivers/STM32F1xx_HAL_Driver/Src/stm32f1xx_hal_tim.o
                0x000000000800245a                TIM_ETR_SetConfig
 .text.HAL_TIMEx_MasterConfigSynchronization
                0x0000000008002498       0xb0 ./Drivers/STM32F1xx_HAL_Driver/Src/stm32f1xx_hal_tim_ex.o
                0x0000000008002498                HAL_TIMEx_MasterConfigSynchronization
 .text.HAL_TIMEx_CommutCallback
                0x0000000008002548       0x12 ./Drivers/STM32F1xx_HAL_Driver/Src/stm32f1xx_hal_tim_ex.o
                0x0000000008002548                HAL_TIMEx_CommutCallback
 .text.HAL_TIMEx_BreakCallback
                0x000000000800255a       0x12 ./Drivers/STM32F1xx_HAL_Driver/Src/stm32f1xx_hal_tim_ex.o
                0x000000000800255a                HAL_TIMEx_BreakCallback
 .text.__libc_init_array
                0x000000000800256c       0x48 c:/st/stm32cubeide_1.7.0/stm32cubeide/plugins/com.st.stm32cube.ide.mcu.externaltools.gnu-tools-for-stm32.9-2020-q2-update.win32_2.0.0.202105311346/tools/bin/../lib/gcc/arm-none-eabi/9.3.1/../../../../arm-none-eabi/lib/thumb/v7-m/nofp\libc_nano.a(lib_a-init.o)
                0x000000000800256c                __libc_init_array
 .text.memset   0x00000000080025b4       0x10 c:/st/stm32cubeide_1.7.0/stm32cubeide/plugins/com.st.stm32cube.ide.mcu.externaltools.gnu-tools-for-stm32.9-2020-q2-update.win32_2.0.0.202105311346/tools/bin/../lib/gcc/arm-none-eabi/9.3.1/../../../../arm-none-eabi/lib/thumb/v7-m/nofp\libc_nano.a(lib_a-memset.o)
                0x00000000080025b4                memset
 *(.glue_7)
 .glue_7        0x00000000080025c4        0x0 linker stubs
 *(.glue_7t)
 .glue_7t       0x00000000080025c4        0x0 linker stubs
 *(.eh_frame)
 .eh_frame      0x00000000080025c4        0x0 c:/st/stm32cubeide_1.7.0/stm32cubeide/plugins/com.st.stm32cube.ide.mcu.externaltools.gnu-tools-for-stm32.9-2020-q2-update.win32_2.0.0.202105311346/tools/bin/../lib/gcc/arm-none-eabi/9.3.1/thumb/v7-m/nofp/crtbegin.o
 *(.init)
 .init          0x00000000080025c4        0x4 c:/st/stm32cubeide_1.7.0/stm32cubeide/plugins/com.st.stm32cube.ide.mcu.externaltools.gnu-tools-for-stm32.9-2020-q2-update.win32_2.0.0.202105311346/tools/bin/../lib/gcc/arm-none-eabi/9.3.1/thumb/v7-m/nofp/crti.o
                0x00000000080025c4                _init
 .init          0x00000000080025c8        0x8 c:/st/stm32cubeide_1.7.0/stm32cubeide/plugins/com.st.stm32cube.ide.mcu.externaltools.gnu-tools-for-stm32.9-2020-q2-update.win32_2.0.0.202105311346/tools/bin/../lib/gcc/arm-none-eabi/9.3.1/thumb/v7-m/nofp/crtn.o
 *(.fini)
 .fini          0x00000000080025d0        0x4 c:/st/stm32cubeide_1.7.0/stm32cubeide/plugins/com.st.stm32cube.ide.mcu.externaltools.gnu-tools-for-stm32.9-2020-q2-update.win32_2.0.0.202105311346/tools/bin/../lib/gcc/arm-none-eabi/9.3.1/thumb/v7-m/nofp/crti.o
                0x00000000080025d0                _fini
 .fini          0x00000000080025d4        0x8 c:/st/stm32cubeide_1.7.0/stm32cubeide/plugins/com.st.stm32cube.ide.mcu.externaltools.gnu-tools-for-stm32.9-2020-q2-update.win32_2.0.0.202105311346/tools/bin/../lib/gcc/arm-none-eabi/9.3.1/thumb/v7-m/nofp/crtn.o
                0x00000000080025dc                . = ALIGN (0x4)
                0x00000000080025dc                _etext = .

.vfp11_veneer   0x00000000080025dc        0x0
 .vfp11_veneer  0x00000000080025dc        0x0 linker stubs

.v4_bx          0x00000000080025dc        0x0
 .v4_bx         0x00000000080025dc        0x0 linker stubs

.iplt           0x00000000080025dc        0x0
 .iplt          0x00000000080025dc        0x0 c:/st/stm32cubeide_1.7.0/stm32cubeide/plugins/com.st.stm32cube.ide.mcu.externaltools.gnu-tools-for-stm32.9-2020-q2-update.win32_2.0.0.202105311346/tools/bin/../lib/gcc/arm-none-eabi/9.3.1/thumb/v7-m/nofp/crtbegin.o

.rodata         0x00000000080025dc       0x24
                0x00000000080025dc                . = ALIGN (0x4)
 *(.rodata)
 *(.rodata*)
 .rodata.AHBPrescTable
                0x00000000080025dc       0x10 ./Core/Src/system_stm32f1xx.o
                0x00000000080025dc                AHBPrescTable
 .rodata.aPLLMULFactorTable.6032
                0x00000000080025ec       0x10 ./Drivers/STM32F1xx_HAL_Driver/Src/stm32f1xx_hal_rcc.o
 .rodata.aPredivFactorTable.6033
                0x00000000080025fc        0x2 ./Drivers/STM32F1xx_HAL_Driver/Src/stm32f1xx_hal_rcc.o
                0x0000000008002600                . = ALIGN (0x4)
 *fill*         0x00000000080025fe        0x2 

.rel.dyn        0x0000000008002600        0x0
 .rel.iplt      0x0000000008002600        0x0 c:/st/stm32cubeide_1.7.0/stm32cubeide/plugins/com.st.stm32cube.ide.mcu.externaltools.gnu-tools-for-stm32.9-2020-q2-update.win32_2.0.0.202105311346/tools/bin/../lib/gcc/arm-none-eabi/9.3.1/thumb/v7-m/nofp/crtbegin.o

.ARM.extab      0x0000000008002600        0x0
                0x0000000008002600                . = ALIGN (0x4)
 *(.ARM.extab* .gnu.linkonce.armextab.*)
                0x0000000008002600                . = ALIGN (0x4)

.ARM            0x0000000008002600        0x0
                0x0000000008002600                . = ALIGN (0x4)
                0x0000000008002600                __exidx_start = .
 *(.ARM.exidx*)
                0x0000000008002600                __exidx_end = .
                0x0000000008002600                . = ALIGN (0x4)

.preinit_array  0x0000000008002600        0x0
                0x0000000008002600                . = ALIGN (0x4)
                0x0000000008002600                PROVIDE (__preinit_array_start = .)
 *(.preinit_array*)
                0x0000000008002600                PROVIDE (__preinit_array_end = .)
                0x0000000008002600                . = ALIGN (0x4)

.init_array     0x0000000008002600        0x4
                0x0000000008002600                . = ALIGN (0x4)
                0x0000000008002600                PROVIDE (__init_array_start = .)
 *(SORT_BY_NAME(.init_array.*))
 *(.init_array*)
 .init_array    0x0000000008002600        0x4 c:/st/stm32cubeide_1.7.0/stm32cubeide/plugins/com.st.stm32cube.ide.mcu.externaltools.gnu-tools-for-stm32.9-2020-q2-update.win32_2.0.0.202105311346/tools/bin/../lib/gcc/arm-none-eabi/9.3.1/thumb/v7-m/nofp/crtbegin.o
                0x0000000008002604                PROVIDE (__init_array_end = .)
                0x0000000008002604                . = ALIGN (0x4)

.fini_array     0x0000000008002604        0x4
                0x0000000008002604                . = ALIGN (0x4)
                [!provide]                        PROVIDE (__fini_array_start = .)
 *(SORT_BY_NAME(.fini_array.*))
 *(.fini_array*)
 .fini_array    0x0000000008002604        0x4 c:/st/stm32cubeide_1.7.0/stm32cubeide/plugins/com.st.stm32cube.ide.mcu.externaltools.gnu-tools-for-stm32.9-2020-q2-update.win32_2.0.0.202105311346/tools/bin/../lib/gcc/arm-none-eabi/9.3.1/thumb/v7-m/nofp/crtbegin.o
                [!provide]                        PROVIDE (__fini_array_end = .)
                0x0000000008002608                . = ALIGN (0x4)
                0x0000000008002608                _sidata = LOADADDR (.data)

.data           0x0000000020000000       0x40 load address 0x0000000008002608
                0x0000000020000000                . = ALIGN (0x4)
                0x0000000020000000                _sdata = .
 *(.data)
 *(.data*)
 .data.KeyReg0  0x0000000020000000        0x4 ./Core/Src/button.o
                0x0000000020000000                KeyReg0
 .data.KeyReg1  0x0000000020000004        0x4 ./Core/Src/button.o
                0x0000000020000004                KeyReg1
 .data.KeyReg2  0x0000000020000008        0x4 ./Core/Src/button.o
                0x0000000020000008                KeyReg2
 .data.KeyReg3  0x000000002000000c        0x4 ./Core/Src/button.o
                0x000000002000000c                KeyReg3
 .data.KeyReg01
                0x0000000020000010        0x4 ./Core/Src/button.o
                0x0000000020000010                KeyReg01
 .data.KeyReg11
                0x0000000020000014        0x4 ./Core/Src/button.o
                0x0000000020000014                KeyReg11
 .data.KeyReg21
                0x0000000020000018        0x4 ./Core/Src/button.o
                0x0000000020000018                KeyReg21
 .data.KeyReg31
                0x000000002000001c        0x4 ./Core/Src/button.o
                0x000000002000001c                KeyReg31
 .data.KeyReg02
                0x0000000020000020        0x4 ./Core/Src/button.o
                0x0000000020000020                KeyReg02
 .data.KeyReg12
                0x0000000020000024        0x4 ./Core/Src/button.o
                0x0000000020000024                KeyReg12
 .data.KeyReg22
                0x0000000020000028        0x4 ./Core/Src/button.o
                0x0000000020000028                KeyReg22
 .data.KeyReg32
                0x000000002000002c        0x4 ./Core/Src/button.o
                0x000000002000002c                KeyReg32
 .data.TimeOutForKeyPress
                0x0000000020000030        0x4 ./Core/Src/button.o
                0x0000000020000030                TimeOutForKeyPress
 .data.SystemCoreClock
                0x0000000020000034        0x4 ./Core/Src/system_stm32f1xx.o
                0x0000000020000034                SystemCoreClock
 .data.uwTickPrio
                0x0000000020000038        0x4 ./Drivers/STM32F1xx_HAL_Driver/Src/stm32f1xx_hal.o
                0x0000000020000038                uwTickPrio
 .data.uwTickFreq
                0x000000002000003c        0x1 ./Drivers/STM32F1xx_HAL_Driver/Src/stm32f1xx_hal.o
                0x000000002000003c                uwTickFreq
 *(.RamFunc)
 *(.RamFunc*)
                0x0000000020000040                . = ALIGN (0x4)
 *fill*         0x000000002000003d        0x3 
                0x0000000020000040                _edata = .

.igot.plt       0x0000000020000040        0x0 load address 0x0000000008002648
 .igot.plt      0x0000000020000040        0x0 c:/st/stm32cubeide_1.7.0/stm32cubeide/plugins/com.st.stm32cube.ide.mcu.externaltools.gnu-tools-for-stm32.9-2020-q2-update.win32_2.0.0.202105311346/tools/bin/../lib/gcc/arm-none-eabi/9.3.1/thumb/v7-m/nofp/crtbegin.o
                0x0000000020000040                . = ALIGN (0x4)

.bss            0x0000000020000040       0x88 load address 0x0000000008002648
                0x0000000020000040                _sbss = .
                0x0000000020000040                __bss_start__ = _sbss
 *(.bss)
 .bss           0x0000000020000040       0x1c c:/st/stm32cubeide_1.7.0/stm32cubeide/plugins/com.st.stm32cube.ide.mcu.externaltools.gnu-tools-for-stm32.9-2020-q2-update.win32_2.0.0.202105311346/tools/bin/../lib/gcc/arm-none-eabi/9.3.1/thumb/v7-m/nofp/crtbegin.o
 *(.bss*)
 .bss.button1_flag
                0x000000002000005c        0x4 ./Core/Src/button.o
                0x000000002000005c                button1_flag
 .bss.button2_flag
                0x0000000020000060        0x4 ./Core/Src/button.o
                0x0000000020000060                button2_flag
 .bss.button3_flag
                0x0000000020000064        0x4 ./Core/Src/button.o
                0x0000000020000064                button3_flag
 .bss.status    0x0000000020000068        0x4 ./Core/Src/global.o
                0x0000000020000068                status
 .bss.timer1_counter
                0x000000002000006c        0x4 ./Core/Src/timer.o
                0x000000002000006c                timer1_counter
 .bss.timer1_flag
                0x0000000020000070        0x4 ./Core/Src/timer.o
                0x0000000020000070                timer1_flag
 .bss.timer2_counter
                0x0000000020000074        0x4 ./Core/Src/timer.o
                0x0000000020000074                timer2_counter
 .bss.timer2_flag
                0x0000000020000078        0x4 ./Core/Src/timer.o
                0x0000000020000078                timer2_flag
 *(COMMON)
 COMMON         0x000000002000007c       0x48 ./Core/Src/main.o
                0x000000002000007c                htim2
 COMMON         0x00000000200000c4        0x4 ./Drivers/STM32F1xx_HAL_Driver/Src/stm32f1xx_hal.o
                0x00000000200000c4                uwTick
                0x00000000200000c8                . = ALIGN (0x4)
                0x00000000200000c8                _ebss = .
                0x00000000200000c8                __bss_end__ = _ebss

._user_heap_stack
                0x00000000200000c8      0x600 load address 0x0000000008002648
                0x00000000200000c8                . = ALIGN (0x8)
                [!provide]                        PROVIDE (end = .)
                0x00000000200000c8                PROVIDE (_end = .)
                0x00000000200002c8                . = (. + _Min_Heap_Size)
 *fill*         0x00000000200000c8      0x200 
                0x00000000200006c8                . = (. + _Min_Stack_Size)
 *fill*         0x00000000200002c8      0x400 
                0x00000000200006c8                . = ALIGN (0x8)

/DISCARD/
 libc.a(*)
 libm.a(*)
 libgcc.a(*)

.ARM.attributes
                0x0000000000000000       0x29
 *(.ARM.attributes)
 .ARM.attributes
                0x0000000000000000       0x1d c:/st/stm32cubeide_1.7.0/stm32cubeide/plugins/com.st.stm32cube.ide.mcu.externaltools.gnu-tools-for-stm32.9-2020-q2-update.win32_2.0.0.202105311346/tools/bin/../lib/gcc/arm-none-eabi/9.3.1/thumb/v7-m/nofp/crti.o
 .ARM.attributes
                0x000000000000001d       0x2d c:/st/stm32cubeide_1.7.0/stm32cubeide/plugins/com.st.stm32cube.ide.mcu.externaltools.gnu-tools-for-stm32.9-2020-q2-update.win32_2.0.0.202105311346/tools/bin/../lib/gcc/arm-none-eabi/9.3.1/thumb/v7-m/nofp/crtbegin.o
 .ARM.attributes
                0x000000000000004a       0x2d ./Core/Src/button.o
 .ARM.attributes
                0x0000000000000077       0x2d ./Core/Src/fms.o
 .ARM.attributes
                0x00000000000000a4       0x2d ./Core/Src/fms_manual.o
 .ARM.attributes
                0x00000000000000d1       0x33 ./Core/Src/global.o
 .ARM.attributes
                0x0000000000000104       0x2d ./Core/Src/led7seg.o
 .ARM.attributes
                0x0000000000000131       0x2d ./Core/Src/led_blinky.o
 .ARM.attributes
                0x000000000000015e       0x2d ./Core/Src/main.o
 .ARM.attributes
                0x000000000000018b       0x2d ./Core/Src/stm32f1xx_hal_msp.o
 .ARM.attributes
                0x00000000000001b8       0x2d ./Core/Src/stm32f1xx_it.o
 .ARM.attributes
                0x00000000000001e5       0x2d ./Core/Src/system_stm32f1xx.o
 .ARM.attributes
                0x0000000000000212       0x2d ./Core/Src/timer.o
 .ARM.attributes
                0x000000000000023f       0x2d ./Core/Src/traficlight.o
 .ARM.attributes
                0x000000000000026c       0x21 ./Core/Startup/startup_stm32f103c6ux.o
 .ARM.attributes
                0x000000000000028d       0x2d ./Drivers/STM32F1xx_HAL_Driver/Src/stm32f1xx_hal.o
 .ARM.attributes
                0x00000000000002ba       0x2d ./Drivers/STM32F1xx_HAL_Driver/Src/stm32f1xx_hal_cortex.o
 .ARM.attributes
                0x00000000000002e7       0x2d ./Drivers/STM32F1xx_HAL_Driver/Src/stm32f1xx_hal_gpio.o
 .ARM.attributes
                0x0000000000000314       0x2d ./Drivers/STM32F1xx_HAL_Driver/Src/stm32f1xx_hal_rcc.o
 .ARM.attributes
                0x0000000000000341       0x2d ./Drivers/STM32F1xx_HAL_Driver/Src/stm32f1xx_hal_tim.o
 .ARM.attributes
                0x000000000000036e       0x2d ./Drivers/STM32F1xx_HAL_Driver/Src/stm32f1xx_hal_tim_ex.o
 .ARM.attributes
                0x000000000000039b       0x2d c:/st/stm32cubeide_1.7.0/stm32cubeide/plugins/com.st.stm32cube.ide.mcu.externaltools.gnu-tools-for-stm32.9-2020-q2-update.win32_2.0.0.202105311346/tools/bin/../lib/gcc/arm-none-eabi/9.3.1/../../../../arm-none-eabi/lib/thumb/v7-m/nofp\libc_nano.a(lib_a-init.o)
 .ARM.attributes
                0x00000000000003c8       0x2d c:/st/stm32cubeide_1.7.0/stm32cubeide/plugins/com.st.stm32cube.ide.mcu.externaltools.gnu-tools-for-stm32.9-2020-q2-update.win32_2.0.0.202105311346/tools/bin/../lib/gcc/arm-none-eabi/9.3.1/../../../../arm-none-eabi/lib/thumb/v7-m/nofp\libc_nano.a(lib_a-memset.o)
 .ARM.attributes
                0x00000000000003f5       0x1d c:/st/stm32cubeide_1.7.0/stm32cubeide/plugins/com.st.stm32cube.ide.mcu.externaltools.gnu-tools-for-stm32.9-2020-q2-update.win32_2.0.0.202105311346/tools/bin/../lib/gcc/arm-none-eabi/9.3.1/thumb/v7-m/nofp/crtn.o
OUTPUT(LAB3.elf elf32-littlearm)
LOAD linker stubs
LOAD c:/st/stm32cubeide_1.7.0/stm32cubeide/plugins/com.st.stm32cube.ide.mcu.externaltools.gnu-tools-for-stm32.9-2020-q2-update.win32_2.0.0.202105311346/tools/bin/../lib/gcc/arm-none-eabi/9.3.1/../../../../arm-none-eabi/lib/thumb/v7-m/nofp\libc.a
LOAD c:/st/stm32cubeide_1.7.0/stm32cubeide/plugins/com.st.stm32cube.ide.mcu.externaltools.gnu-tools-for-stm32.9-2020-q2-update.win32_2.0.0.202105311346/tools/bin/../lib/gcc/arm-none-eabi/9.3.1/../../../../arm-none-eabi/lib/thumb/v7-m/nofp\libm.a
LOAD c:/st/stm32cubeide_1.7.0/stm32cubeide/plugins/com.st.stm32cube.ide.mcu.externaltools.gnu-tools-for-stm32.9-2020-q2-update.win32_2.0.0.202105311346/tools/bin/../lib/gcc/arm-none-eabi/9.3.1/thumb/v7-m/nofp\libgcc.a

.debug_info     0x0000000000000000     0x96c3
 .debug_info    0x0000000000000000      0x3ef ./Core/Src/button.o
 .debug_info    0x00000000000003ef      0x1da ./Core/Src/fms.o
 .debug_info    0x00000000000005c9      0x1da ./Core/Src/fms_manual.o
 .debug_info    0x00000000000007a3      0x1ce ./Core/Src/global.o
 .debug_info    0x0000000000000971      0x297 ./Core/Src/led7seg.o
 .debug_info    0x0000000000000c08      0x297 ./Core/Src/led_blinky.o
 .debug_info    0x0000000000000e9f      0xbda ./Core/Src/main.o
 .debug_info    0x0000000000001a79      0xa09 ./Core/Src/stm32f1xx_hal_msp.o
 .debug_info    0x0000000000002482      0x7b9 ./Core/Src/stm32f1xx_it.o
 .debug_info    0x0000000000002c3b      0x2be ./Core/Src/system_stm32f1xx.o
 .debug_info    0x0000000000002ef9       0xe2 ./Core/Src/timer.o
 .debug_info    0x0000000000002fdb      0x297 ./Core/Src/traficlight.o
 .debug_info    0x0000000000003272       0x22 ./Core/Startup/startup_stm32f103c6ux.o
 .debug_info    0x0000000000003294      0x74c ./Drivers/STM32F1xx_HAL_Driver/Src/stm32f1xx_hal.o
 .debug_info    0x00000000000039e0      0xbbe ./Drivers/STM32F1xx_HAL_Driver/Src/stm32f1xx_hal_cortex.o
 .debug_info    0x000000000000459e      0x701 ./Drivers/STM32F1xx_HAL_Driver/Src/stm32f1xx_hal_gpio.o
 .debug_info    0x0000000000004c9f      0x893 ./Drivers/STM32F1xx_HAL_Driver/Src/stm32f1xx_hal_rcc.o
 .debug_info    0x0000000000005532     0x2c12 ./Drivers/STM32F1xx_HAL_Driver/Src/stm32f1xx_hal_tim.o
 .debug_info    0x0000000000008144     0x157f ./Drivers/STM32F1xx_HAL_Driver/Src/stm32f1xx_hal_tim_ex.o

.debug_abbrev   0x0000000000000000     0x1c37
 .debug_abbrev  0x0000000000000000      0x153 ./Core/Src/button.o
 .debug_abbrev  0x0000000000000153       0xb6 ./Core/Src/fms.o
 .debug_abbrev  0x0000000000000209       0xb6 ./Core/Src/fms_manual.o
 .debug_abbrev  0x00000000000002bf       0xa9 ./Core/Src/global.o
 .debug_abbrev  0x0000000000000368      0x112 ./Core/Src/led7seg.o
 .debug_abbrev  0x000000000000047a      0x110 ./Core/Src/led_blinky.o
 .debug_abbrev  0x000000000000058a      0x22c ./Core/Src/main.o
 .debug_abbrev  0x00000000000007b6      0x1b7 ./Core/Src/stm32f1xx_hal_msp.o
 .debug_abbrev  0x000000000000096d      0x176 ./Core/Src/stm32f1xx_it.o
 .debug_abbrev  0x0000000000000ae3      0x14e ./Core/Src/system_stm32f1xx.o
 .debug_abbrev  0x0000000000000c31       0xc3 ./Core/Src/timer.o
 .debug_abbrev  0x0000000000000cf4      0x112 ./Core/Src/traficlight.o
 .debug_abbrev  0x0000000000000e06       0x12 ./Core/Startup/startup_stm32f103c6ux.o
 .debug_abbrev  0x0000000000000e18      0x1ed ./Drivers/STM32F1xx_HAL_Driver/Src/stm32f1xx_hal.o
 .debug_abbrev  0x0000000000001005      0x313 ./Drivers/STM32F1xx_HAL_Driver/Src/stm32f1xx_hal_cortex.o
 .debug_abbrev  0x0000000000001318      0x1e8 ./Drivers/STM32F1xx_HAL_Driver/Src/stm32f1xx_hal_gpio.o
 .debug_abbrev  0x0000000000001500      0x273 ./Drivers/STM32F1xx_HAL_Driver/Src/stm32f1xx_hal_rcc.o
 .debug_abbrev  0x0000000000001773      0x25e ./Drivers/STM32F1xx_HAL_Driver/Src/stm32f1xx_hal_tim.o
 .debug_abbrev  0x00000000000019d1      0x266 ./Drivers/STM32F1xx_HAL_Driver/Src/stm32f1xx_hal_tim_ex.o

.debug_aranges  0x0000000000000000      0xa58
 .debug_aranges
                0x0000000000000000       0x40 ./Core/Src/button.o
 .debug_aranges
                0x0000000000000040       0x20 ./Core/Src/fms.o
 .debug_aranges
                0x0000000000000060       0x20 ./Core/Src/fms_manual.o
 .debug_aranges
                0x0000000000000080       0x18 ./Core/Src/global.o
 .debug_aranges
                0x0000000000000098       0x20 ./Core/Src/led7seg.o
 .debug_aranges
                0x00000000000000b8       0x20 ./Core/Src/led_blinky.o
 .debug_aranges
                0x00000000000000d8       0x48 ./Core/Src/main.o
 .debug_aranges
                0x0000000000000120       0x30 ./Core/Src/stm32f1xx_hal_msp.o
 .debug_aranges
                0x0000000000000150       0x68 ./Core/Src/stm32f1xx_it.o
 .debug_aranges
                0x00000000000001b8       0x28 ./Core/Src/system_stm32f1xx.o
 .debug_aranges
                0x00000000000001e0       0x30 ./Core/Src/timer.o
 .debug_aranges
                0x0000000000000210       0x20 ./Core/Src/traficlight.o
 .debug_aranges
                0x0000000000000230       0x28 ./Core/Startup/startup_stm32f103c6ux.o
 .debug_aranges
                0x0000000000000258       0xe0 ./Drivers/STM32F1xx_HAL_Driver/Src/stm32f1xx_hal.o
 .debug_aranges
                0x0000000000000338      0x100 ./Drivers/STM32F1xx_HAL_Driver/Src/stm32f1xx_hal_cortex.o
 .debug_aranges
                0x0000000000000438       0x58 ./Drivers/STM32F1xx_HAL_Driver/Src/stm32f1xx_hal_gpio.o
 .debug_aranges
                0x0000000000000490       0x90 ./Drivers/STM32F1xx_HAL_Driver/Src/stm32f1xx_hal_rcc.o
 .debug_aranges
                0x0000000000000520      0x3d0 ./Drivers/STM32F1xx_HAL_Driver/Src/stm32f1xx_hal_tim.o
 .debug_aranges
                0x00000000000008f0      0x168 ./Drivers/STM32F1xx_HAL_Driver/Src/stm32f1xx_hal_tim_ex.o

.debug_ranges   0x0000000000000000      0x928
 .debug_ranges  0x0000000000000000       0x30 ./Core/Src/button.o
 .debug_ranges  0x0000000000000030       0x10 ./Core/Src/fms.o
 .debug_ranges  0x0000000000000040       0x10 ./Core/Src/fms_manual.o
 .debug_ranges  0x0000000000000050       0x10 ./Core/Src/led7seg.o
 .debug_ranges  0x0000000000000060       0x10 ./Core/Src/led_blinky.o
 .debug_ranges  0x0000000000000070       0x38 ./Core/Src/main.o
 .debug_ranges  0x00000000000000a8       0x20 ./Core/Src/stm32f1xx_hal_msp.o
 .debug_ranges  0x00000000000000c8       0x58 ./Core/Src/stm32f1xx_it.o
 .debug_ranges  0x0000000000000120       0x18 ./Core/Src/system_stm32f1xx.o
 .debug_ranges  0x0000000000000138       0x20 ./Core/Src/timer.o
 .debug_ranges  0x0000000000000158       0x10 ./Core/Src/traficlight.o
 .debug_ranges  0x0000000000000168       0x20 ./Core/Startup/startup_stm32f103c6ux.o
 .debug_ranges  0x0000000000000188       0xd0 ./Drivers/STM32F1xx_HAL_Driver/Src/stm32f1xx_hal.o
 .debug_ranges  0x0000000000000258       0xf0 ./Drivers/STM32F1xx_HAL_Driver/Src/stm32f1xx_hal_cortex.o
 .debug_ranges  0x0000000000000348       0x48 ./Drivers/STM32F1xx_HAL_Driver/Src/stm32f1xx_hal_gpio.o
 .debug_ranges  0x0000000000000390       0x80 ./Drivers/STM32F1xx_HAL_Driver/Src/stm32f1xx_hal_rcc.o
 .debug_ranges  0x0000000000000410      0x3c0 ./Drivers/STM32F1xx_HAL_Driver/Src/stm32f1xx_hal_tim.o
 .debug_ranges  0x00000000000007d0      0x158 ./Drivers/STM32F1xx_HAL_Driver/Src/stm32f1xx_hal_tim_ex.o

.debug_macro    0x0000000000000000    0x171ca
 .debug_macro   0x0000000000000000      0x208 ./Core/Src/button.o
 .debug_macro   0x0000000000000208      0xa9c ./Core/Src/button.o
 .debug_macro   0x0000000000000ca4      0x215 ./Core/Src/button.o
 .debug_macro   0x0000000000000eb9       0x2e ./Core/Src/button.o
 .debug_macro   0x0000000000000ee7       0x22 ./Core/Src/button.o
 .debug_macro   0x0000000000000f09       0x22 ./Core/Src/button.o
 .debug_macro   0x0000000000000f2b       0x8e ./Core/Src/button.o
 .debug_macro   0x0000000000000fb9       0x51 ./Core/Src/button.o
 .debug_macro   0x000000000000100a      0x103 ./Core/Src/button.o
 .debug_macro   0x000000000000110d       0x6a ./Core/Src/button.o
 .debug_macro   0x0000000000001177      0x1df ./Core/Src/button.o
 .debug_macro   0x0000000000001356       0x1c ./Core/Src/button.o
 .debug_macro   0x0000000000001372       0x22 ./Core/Src/button.o
 .debug_macro   0x0000000000001394       0xc3 ./Core/Src/button.o
 .debug_macro   0x0000000000001457      0xd23 ./Core/Src/button.o
 .debug_macro   0x000000000000217a     0xde75 ./Core/Src/button.o
 .debug_macro   0x000000000000ffef       0x6d ./Core/Src/button.o
 .debug_macro   0x000000000001005c     0x348d ./Core/Src/button.o
 .debug_macro   0x00000000000134e9      0x174 ./Core/Src/button.o
 .debug_macro   0x000000000001365d       0x5c ./Core/Src/button.o
 .debug_macro   0x00000000000136b9      0x5bc ./Core/Src/button.o
 .debug_macro   0x0000000000013c75      0x1b7 ./Core/Src/button.o
 .debug_macro   0x0000000000013e2c      0x1cb ./Core/Src/button.o
 .debug_macro   0x0000000000013ff7      0x114 ./Core/Src/button.o
 .debug_macro   0x000000000001410b      0x1b2 ./Core/Src/button.o
 .debug_macro   0x00000000000142bd       0x27 ./Core/Src/button.o
 .debug_macro   0x00000000000142e4      0x12f ./Core/Src/button.o
 .debug_macro   0x0000000000014413      0x1bc ./Core/Src/button.o
 .debug_macro   0x00000000000145cf       0x34 ./Core/Src/button.o
 .debug_macro   0x0000000000014603       0x3c ./Core/Src/button.o
 .debug_macro   0x000000000001463f       0x57 ./Core/Src/button.o
 .debug_macro   0x0000000000014696       0x87 ./Core/Src/button.o
 .debug_macro   0x000000000001471d      0x183 ./Core/Src/button.o
 .debug_macro   0x00000000000148a0      0x140 ./Core/Src/button.o
 .debug_macro   0x00000000000149e0      0x8ed ./Core/Src/button.o
 .debug_macro   0x00000000000152cd       0x69 ./Core/Src/button.o
 .debug_macro   0x0000000000015336       0xc4 ./Core/Src/button.o
 .debug_macro   0x00000000000153fa       0x58 ./Core/Src/button.o
 .debug_macro   0x0000000000015452       0x10 ./Core/Src/button.o
 .debug_macro   0x0000000000015462      0x208 ./Core/Src/fms.o
 .debug_macro   0x000000000001566a      0x208 ./Core/Src/fms_manual.o
 .debug_macro   0x0000000000015872      0x204 ./Core/Src/global.o
 .debug_macro   0x0000000000015a76      0x208 ./Core/Src/led7seg.o
 .debug_macro   0x0000000000015c7e      0x208 ./Core/Src/led_blinky.o
 .debug_macro   0x0000000000015e86      0x208 ./Core/Src/main.o
 .debug_macro   0x000000000001608e      0x1a6 ./Core/Src/stm32f1xx_hal_msp.o
 .debug_macro   0x0000000000016234      0x1b0 ./Core/Src/stm32f1xx_it.o
 .debug_macro   0x00000000000163e4      0x197 ./Core/Src/system_stm32f1xx.o
 .debug_macro   0x000000000001657b       0x1b ./Core/Src/timer.o
 .debug_macro   0x0000000000016596      0x208 ./Core/Src/traficlight.o
 .debug_macro   0x000000000001679e      0x1bb ./Drivers/STM32F1xx_HAL_Driver/Src/stm32f1xx_hal.o
 .debug_macro   0x0000000000016959      0x197 ./Drivers/STM32F1xx_HAL_Driver/Src/stm32f1xx_hal_cortex.o
 .debug_macro   0x0000000000016af0      0x202 ./Drivers/STM32F1xx_HAL_Driver/Src/stm32f1xx_hal_gpio.o
 .debug_macro   0x0000000000016cf2      0x1a9 ./Drivers/STM32F1xx_HAL_Driver/Src/stm32f1xx_hal_rcc.o
 .debug_macro   0x0000000000016e9b      0x198 ./Drivers/STM32F1xx_HAL_Driver/Src/stm32f1xx_hal_tim.o
 .debug_macro   0x0000000000017033      0x197 ./Drivers/STM32F1xx_HAL_Driver/Src/stm32f1xx_hal_tim_ex.o

.debug_line     0x0000000000000000     0xc664
 .debug_line    0x0000000000000000      0x812 ./Core/Src/button.o
 .debug_line    0x0000000000000812      0x755 ./Core/Src/fms.o
 .debug_line    0x0000000000000f67      0x728 ./Core/Src/fms_manual.o
 .debug_line    0x000000000000168f      0x6ab ./Core/Src/global.o
 .debug_line    0x0000000000001d3a      0x711 ./Core/Src/led7seg.o
 .debug_line    0x000000000000244b      0x70a ./Core/Src/led_blinky.o
 .debug_line    0x0000000000002b55      0x7f2 ./Core/Src/main.o
 .debug_line    0x0000000000003347      0x6a1 ./Core/Src/stm32f1xx_hal_msp.o
 .debug_line    0x00000000000039e8      0x73f ./Core/Src/stm32f1xx_it.o
 .debug_line    0x0000000000004127      0x6e3 ./Core/Src/system_stm32f1xx.o
 .debug_line    0x000000000000480a       0xb7 ./Core/Src/timer.o
 .debug_line    0x00000000000048c1      0x6ea ./Core/Src/traficlight.o
 .debug_line    0x0000000000004fab       0x86 ./Core/Startup/startup_stm32f103c6ux.o
 .debug_line    0x0000000000005031      0x910 ./Drivers/STM32F1xx_HAL_Driver/Src/stm32f1xx_hal.o
 .debug_line    0x0000000000005941      0xaf8 ./Drivers/STM32F1xx_HAL_Driver/Src/stm32f1xx_hal_cortex.o
 .debug_line    0x0000000000006439      0x993 ./Drivers/STM32F1xx_HAL_Driver/Src/stm32f1xx_hal_gpio.o
 .debug_line    0x0000000000006dcc      0xd1c ./Drivers/STM32F1xx_HAL_Driver/Src/stm32f1xx_hal_rcc.o
 .debug_line    0x0000000000007ae8     0x3346 ./Drivers/STM32F1xx_HAL_Driver/Src/stm32f1xx_hal_tim.o
 .debug_line    0x000000000000ae2e     0x1836 ./Drivers/STM32F1xx_HAL_Driver/Src/stm32f1xx_hal_tim_ex.o

.debug_str      0x0000000000000000    0x82293
 .debug_str     0x0000000000000000    0x7f833 ./Core/Src/button.o
                                      0x7fb77 (size before relaxing)
 .debug_str     0x000000000007f833       0x24 ./Core/Src/fms.o
                                      0x7fa8d (size before relaxing)
 .debug_str     0x000000000007f857       0x28 ./Core/Src/fms_manual.o
                                      0x7fa91 (size before relaxing)
 .debug_str     0x000000000007f87f       0x15 ./Core/Src/global.o
                                      0x7fa7e (size before relaxing)
 .debug_str     0x000000000007f894       0x1e ./Core/Src/led7seg.o
                                      0x7fab8 (size before relaxing)
 .debug_str     0x000000000007f8b2       0x24 ./Core/Src/led_blinky.o
                                      0x7fabe (size before relaxing)
 .debug_str     0x000000000007f8d6      0x6f6 ./Core/Src/main.o
                                      0x8023a (size before relaxing)
 .debug_str     0x000000000007ffcc      0x2ba ./Core/Src/stm32f1xx_hal_msp.o
                                      0x8010d (size before relaxing)
 .debug_str     0x0000000000080286       0xcd ./Core/Src/stm32f1xx_it.o
                                      0x7fe6f (size before relaxing)
 .debug_str     0x0000000000080353       0x52 ./Core/Src/system_stm32f1xx.o
                                      0x7f6be (size before relaxing)
 .debug_str     0x00000000000803a5       0x58 ./Core/Src/timer.o
                                       0x2db8 (size before relaxing)
 .debug_str     0x00000000000803fd       0x28 ./Core/Src/traficlight.o
                                      0x7fac2 (size before relaxing)
 .debug_str     0x0000000000080425       0x36 ./Core/Startup/startup_stm32f103c6ux.o
                                         0x4d (size before relaxing)
 .debug_str     0x000000000008045b      0x304 ./Drivers/STM32F1xx_HAL_Driver/Src/stm32f1xx_hal.o
                                      0x7fd15 (size before relaxing)
 .debug_str     0x000000000008075f      0x300 ./Drivers/STM32F1xx_HAL_Driver/Src/stm32f1xx_hal_cortex.o
                                      0x7fd1d (size before relaxing)
 .debug_str     0x0000000000080a5f      0x324 ./Drivers/STM32F1xx_HAL_Driver/Src/stm32f1xx_hal_gpio.o
                                      0x7fa82 (size before relaxing)
 .debug_str     0x0000000000080d83      0x24f ./Drivers/STM32F1xx_HAL_Driver/Src/stm32f1xx_hal_rcc.o
                                      0x7fabb (size before relaxing)
 .debug_str     0x0000000000080fd2      0xdd3 ./Drivers/STM32F1xx_HAL_Driver/Src/stm32f1xx_hal_tim.o
                                      0x80a94 (size before relaxing)
 .debug_str     0x0000000000081da5      0x4ee ./Drivers/STM32F1xx_HAL_Driver/Src/stm32f1xx_hal_tim_ex.o
                                      0x80245 (size before relaxing)

.comment        0x0000000000000000       0x53
 .comment       0x0000000000000000       0x53 ./Core/Src/button.o
                                         0x54 (size before relaxing)
 .comment       0x0000000000000053       0x54 ./Core/Src/fms.o
 .comment       0x0000000000000053       0x54 ./Core/Src/fms_manual.o
 .comment       0x0000000000000053       0x54 ./Core/Src/global.o
 .comment       0x0000000000000053       0x54 ./Core/Src/led7seg.o
 .comment       0x0000000000000053       0x54 ./Core/Src/led_blinky.o
 .comment       0x0000000000000053       0x54 ./Core/Src/main.o
 .comment       0x0000000000000053       0x54 ./Core/Src/stm32f1xx_hal_msp.o
 .comment       0x0000000000000053       0x54 ./Core/Src/stm32f1xx_it.o
 .comment       0x0000000000000053       0x54 ./Core/Src/system_stm32f1xx.o
 .comment       0x0000000000000053       0x54 ./Core/Src/timer.o
 .comment       0x0000000000000053       0x54 ./Core/Src/traficlight.o
 .comment       0x0000000000000053       0x54 ./Drivers/STM32F1xx_HAL_Driver/Src/stm32f1xx_hal.o
 .comment       0x0000000000000053       0x54 ./Drivers/STM32F1xx_HAL_Driver/Src/stm32f1xx_hal_cortex.o
 .comment       0x0000000000000053       0x54 ./Drivers/STM32F1xx_HAL_Driver/Src/stm32f1xx_hal_gpio.o
 .comment       0x0000000000000053       0x54 ./Drivers/STM32F1xx_HAL_Driver/Src/stm32f1xx_hal_rcc.o
 .comment       0x0000000000000053       0x54 ./Drivers/STM32F1xx_HAL_Driver/Src/stm32f1xx_hal_tim.o
 .comment       0x0000000000000053       0x54 ./Drivers/STM32F1xx_HAL_Driver/Src/stm32f1xx_hal_tim_ex.o

.debug_frame    0x0000000000000000     0x27ec
 .debug_frame   0x0000000000000000       0xac ./Core/Src/button.o
 .debug_frame   0x00000000000000ac       0x2c ./Core/Src/fms.o
 .debug_frame   0x00000000000000d8       0x2c ./Core/Src/fms_manual.o
 .debug_frame   0x0000000000000104       0x38 ./Core/Src/led7seg.o
 .debug_frame   0x000000000000013c       0x34 ./Core/Src/led_blinky.o
 .debug_frame   0x0000000000000170       0xd4 ./Core/Src/main.o
 .debug_frame   0x0000000000000244       0x80 ./Core/Src/stm32f1xx_hal_msp.o
 .debug_frame   0x00000000000002c4      0x120 ./Core/Src/stm32f1xx_it.o
 .debug_frame   0x00000000000003e4       0x58 ./Core/Src/system_stm32f1xx.o
 .debug_frame   0x000000000000043c       0x80 ./Core/Src/timer.o
 .debug_frame   0x00000000000004bc       0x34 ./Core/Src/traficlight.o
 .debug_frame   0x00000000000004f0      0x334 ./Drivers/STM32F1xx_HAL_Driver/Src/stm32f1xx_hal.o
 .debug_frame   0x0000000000000824      0x428 ./Drivers/STM32F1xx_HAL_Driver/Src/stm32f1xx_hal_cortex.o
 .debug_frame   0x0000000000000c4c      0x14c ./Drivers/STM32F1xx_HAL_Driver/Src/stm32f1xx_hal_gpio.o
 .debug_frame   0x0000000000000d98      0x218 ./Drivers/STM32F1xx_HAL_Driver/Src/stm32f1xx_hal_rcc.o
 .debug_frame   0x0000000000000fb0     0x11b8 ./Drivers/STM32F1xx_HAL_Driver/Src/stm32f1xx_hal_tim.o
 .debug_frame   0x0000000000002168      0x638 ./Drivers/STM32F1xx_HAL_Driver/Src/stm32f1xx_hal_tim_ex.o
 .debug_frame   0x00000000000027a0       0x2c c:/st/stm32cubeide_1.7.0/stm32cubeide/plugins/com.st.stm32cube.ide.mcu.externaltools.gnu-tools-for-stm32.9-2020-q2-update.win32_2.0.0.202105311346/tools/bin/../lib/gcc/arm-none-eabi/9.3.1/../../../../arm-none-eabi/lib/thumb/v7-m/nofp\libc_nano.a(lib_a-init.o)
 .debug_frame   0x00000000000027cc       0x20 c:/st/stm32cubeide_1.7.0/stm32cubeide/plugins/com.st.stm32cube.ide.mcu.externaltools.gnu-tools-for-stm32.9-2020-q2-update.win32_2.0.0.202105311346/tools/bin/../lib/gcc/arm-none-eabi/9.3.1/../../../../arm-none-eabi/lib/thumb/v7-m/nofp\libc_nano.a(lib_a-memset.o)
